// Jest Snapshot v1, https://goo.gl/fbAQLP

exports[`Search.js tests Snapshot test of Search 1`] = `
<div
  className="jumbotron"
  style={
    Object {
      "textAlign": "center",
    }
  }
>
  <div
    className="container"
  >
    <h1>
      Search iTunes Music
    </h1>
    <p>
      Search your favourite artist, album or song.
    </p>
    <div
      className="sc-bdvvaa gYYXMo"
    >
      <form
        className="form-group"
        onSubmit={[Function]}
      >
        <div
          className="row"
        >
          <div
            className="col-md-9"
          >
            <input
              className="sc-gsDJrp hzTNRY form-control"
              name="search"
              onChange={[Function]}
              placeholder="Search..."
              type="search"
            />
          </div>
          <div
            className="col-md-3"
          >
            <button
              className="btn btn-success btn-lg btn-block sm-mt-3"
              id="submit"
              type="submit"
            >
              Search
            </button>
          </div>
        </div>
      </form>
    </div>
  </div>
</div>
`;
